WARNING: All log messages before absl::InitializeLog() is called are written to STDERR
I0000 00:00:1779977740.983449  376432 port.cc:153] oneDNN custom operations are on. You may see slightly different numerical results due to floating-point round-off errors from different computation orders. To turn them off, set the environment variable `TF_ENABLE_ONEDNN_OPTS=0`.
I0000 00:00:1779977742.560338  376432 cpu_feature_guard.cc:227] This TensorFlow binary is optimized to use available CPU instructions in performance-critical operations.
To enable the following instructions: AVX2 AVX512F AVX512_VNNI AVX512_BF16 FMA, in other operations, rebuild TensorFlow with the appropriate compiler flags.
WARNING: All log messages before absl::InitializeLog() is called are written to STDERR
I0000 00:00:1779977750.535521  376432 port.cc:153] oneDNN custom operations are on. You may see slightly different numerical results due to floating-point round-off errors from different computation orders. To turn them off, set the environment variable `TF_ENABLE_ONEDNN_OPTS=0`.
Traceback (most recent call last):
  File "/lustre/home/frroccod/verifiable_sec_agg/fl/fl_heversa.py", line 781, in <module>
    main()
  File "/lustre/home/frroccod/verifiable_sec_agg/fl/fl_heversa.py", line 777, in main
    train(parse_args())
  File "/lustre/home/frroccod/verifiable_sec_agg/fl/fl_heversa.py", line 650, in train
    client_data, test_data = load_dataset_clients(
  File "/lustre/home/frroccod/verifiable_sec_agg/fl/fl_heversa.py", line 451, in load_dataset_clients
    return load_cifar10_clients(num_clients, train_limit, test_limit, seed)
  File "/lustre/home/frroccod/verifiable_sec_agg/fl/fl_heversa.py", line 363, in load_cifar10_clients
    (x_train, y_train), (x_test, y_test) = tf.keras.datasets.cifar10.load_data()
  File "/lustre/home/frroccod/.conda/envs/heversa310/lib/python3.10/site-packages/keras/src/datasets/cifar10.py", line 86, in load_data
    ) = load_batch(fpath)
  File "/lustre/home/frroccod/.conda/envs/heversa310/lib/python3.10/site-packages/keras/src/datasets/cifar.py", line 18, in load_batch
    d = cPickle.load(f, encoding="bytes")
_pickle.UnpicklingError: pickle data was truncated
