WARNING: All log messages before absl::InitializeLog() is called are written to STDERR
I0000 00:00:1779977906.634357  393139 port.cc:153] oneDNN custom operations are on. You may see slightly different numerical results due to floating-point round-off errors from different computation orders. To turn them off, set the environment variable `TF_ENABLE_ONEDNN_OPTS=0`.
I0000 00:00:1779977906.730835  393139 cpu_feature_guard.cc:227] This TensorFlow binary is optimized to use available CPU instructions in performance-critical operations.
To enable the following instructions: AVX2 AVX512F AVX512_VNNI AVX512_BF16 FMA, in other operations, rebuild TensorFlow with the appropriate compiler flags.
WARNING: All log messages before absl::InitializeLog() is called are written to STDERR
I0000 00:00:1779977910.248480  393139 port.cc:153] oneDNN custom operations are on. You may see slightly different numerical results due to floating-point round-off errors from different computation orders. To turn them off, set the environment variable `TF_ENABLE_ONEDNN_OPTS=0`.
Traceback (most recent call last):
  File "/lustre/home/frroccod/verifiable_sec_agg/fl/fl_heversa.py", line 494, in load_organamnist_clients
    dataset = dataset_cls(split=split, download=True, root=str(cache_dir))
ModuleNotFoundError: No module named 'medmnist'

The above exception was the direct cause of the following exception:

Traceback (most recent call last):
  File "/lustre/home/frroccod/verifiable_sec_agg/fl/fl_heversa.py", line 856, in <module>
    parser.add_argument("--eval-tflite", action="store_true")
  File "/lustre/home/frroccod/verifiable_sec_agg/fl/fl_heversa.py", line 852, in main
    parser.add_argument("--train-limit", type=int, default=8000)
  File "/lustre/home/frroccod/verifiable_sec_agg/fl/fl_heversa.py", line 725, in train
    args.dataset = "cifar10"
  File "/lustre/home/frroccod/verifiable_sec_agg/fl/fl_heversa.py", line 530, in load_dataset_clients
    
  File "/lustre/home/frroccod/verifiable_sec_agg/fl/fl_heversa.py", line 496, in load_organamnist_clients
    return np.asarray(dataset.imgs), np.asarray(dataset.labels)
ModuleNotFoundError: OrganAMNIST requires the medmnist package. Install it in the active environment with: python -m pip install medmnist
